=== RUN   TestAdminPlanBrowserContract
2026/10/09 23:04:09 Timezone initialized: UTC (UTC offset: +00:00)
    plan_browser_test.go:39: Browserslist: browsers data (caniuse-lite) is 10 months old. Please run:
          npx update-browserslist-db@latest
          Why you should do it regularly: https://github.com/browserslist/update-db#readme
        Browser: GET → actual view/dialog → cancel/reopen → description-only PUT → GET passed; DB verified by Go parent.

--- PASS: TestAdminPlanBrowserContract (61.30s)
=== RUN   TestAdminPlanHTTPContract
2026/10/09 23:05:11 Timezone initialized: UTC (UTC offset: +00:00)
=== RUN   TestAdminPlanHTTPContract/list_preserves_every_persisted_field
=== RUN   TestAdminPlanHTTPContract/legacy_full_edit_roundtrip_preserves_configuration
--- PASS: TestAdminPlanHTTPContract (5.71s)
    --- PASS: TestAdminPlanHTTPContract/list_preserves_every_persisted_field (0.01s)
    --- PASS: TestAdminPlanHTTPContract/legacy_full_edit_roundtrip_preserves_configuration (0.01s)
=== RUN   TestAdminPlanProjectionCoversModelColumns
--- PASS: TestAdminPlanProjectionCoversModelColumns (0.00s)
=== RUN   TestAdminPlanHTTPPatchAndPermissions
2026/10/09 23:05:16 Timezone initialized: UTC (UTC offset: +00:00)
=== RUN   TestAdminPlanHTTPPatchAndPermissions/omission_preserves_and_explicit_values_clear
=== RUN   TestAdminPlanHTTPPatchAndPermissions/invalid_or_unauthorized_requests_do_not_write
--- PASS: TestAdminPlanHTTPPatchAndPermissions (5.51s)
    --- PASS: TestAdminPlanHTTPPatchAndPermissions/omission_preserves_and_explicit_values_clear (0.04s)
    --- PASS: TestAdminPlanHTTPPatchAndPermissions/invalid_or_unauthorized_requests_do_not_write (0.06s)
PASS
ok      github.com/Wei-Shaw/sub2api/internal/planacceptance 72.596s
